// Jest Snapshot v1, https://goo.gl/fbAQLP

exports[`Homepage Component should render Homepage 1`] = `
<section
  className="movie-list"
>
  <article
    className="movie-item"
  >
    <div
      className="movie-item__img"
    >
      <picture>
        <source
          media="(min-width: 768px)"
          srcSet="https://via.placeholder.com/200x300"
        />
        <img
          alt="AVENGERS: ENDGAME"
          src="https://via.placeholder.com/400x300"
        />
      </picture>
    </div>
    <div
      className="movie-item__wrapper"
    >
      <h1
        className="movie-item__title"
      >
        AVENGERS: ENDGAME
      </h1>
      <div
        className="movie-item__showtimes"
      >
        <h3>
          Show Times:
        </h3>
        <span
          className="movie-item__time"
        >
          May 16th 2019, 3:24:25 pm
           @ 
          Wood Green - Vue
        </span>
        <span
          className="movie-item__time"
        >
          May 16th 2019, 3:24:25 pm
           @ 
          Enfield - Cineworld
        </span>
      </div>
      <button
        className="btn btn-primary"
      >
        See more
      </button>
    </div>
  </article>
  <article
    className="movie-item"
  >
    <div
      className="movie-item__img"
    >
      <picture>
        <source
          media="(min-width: 768px)"
          srcSet="https://via.placeholder.com/200x300"
        />
        <img
          alt="POKEMON: DETECTIVE PIKACHU"
          src="https://via.placeholder.com/400x300"
        />
      </picture>
    </div>
    <div
      className="movie-item__wrapper"
    >
      <h1
        className="movie-item__title"
      >
        POKEMON: DETECTIVE PIKACHU
      </h1>
      <div
        className="movie-item__showtimes"
      >
        <h3>
          Show Times:
        </h3>
        <span
          className="movie-item__time"
        >
          May 16th 2019, 3:24:25 pm
           @ 
          Wood Green - Vue
        </span>
        <span
          className="movie-item__time"
        >
          May 16th 2019, 3:24:25 pm
           @ 
          Enfield - Cineworld
        </span>
      </div>
      <button
        className="btn btn-primary"
      >
        See more
      </button>
    </div>
  </article>
  <article
    className="movie-item"
  >
    <div
      className="movie-item__img"
    >
      <picture>
        <source
          media="(min-width: 768px)"
          srcSet="https://via.placeholder.com/200x300"
        />
        <img
          alt="JOHN WICK: CHAPTER 3 - PARABELLUM"
          src="https://via.placeholder.com/400x300"
        />
      </picture>
    </div>
    <div
      className="movie-item__wrapper"
    >
      <h1
        className="movie-item__title"
      >
        JOHN WICK: CHAPTER 3 - PARABELLUM
      </h1>
      <div
        className="movie-item__showtimes"
      >
        <h3>
          Show Times:
        </h3>
        <span
          className="movie-item__time"
        >
          May 16th 2019, 3:24:25 pm
           @ 
          Wood Green - Vue
        </span>
        <span
          className="movie-item__time"
        >
          May 16th 2019, 3:24:25 pm
           @ 
          Enfield - Cineworld
        </span>
      </div>
      <button
        className="btn btn-primary"
      >
        See more
      </button>
    </div>
  </article>
  <article
    className="movie-item"
  >
    <div
      className="movie-item__img"
    >
      <picture>
        <source
          media="(min-width: 768px)"
          srcSet="https://via.placeholder.com/200x300"
        />
        <img
          alt="THE ROYAL BALLET: TRIPLE BILL (2019)"
          src="https://via.placeholder.com/400x300"
        />
      </picture>
    </div>
    <div
      className="movie-item__wrapper"
    >
      <h1
        className="movie-item__title"
      >
        THE ROYAL BALLET: TRIPLE BILL (2019)
      </h1>
      <div
        className="movie-item__showtimes"
      >
        <h3>
          Show Times:
        </h3>
        <span
          className="movie-item__time"
        >
          May 16th 2019, 3:24:25 pm
           @ 
          Wood Green - Vue
        </span>
        <span
          className="movie-item__time"
        >
          May 16th 2019, 3:24:25 pm
           @ 
          Enfield - Cineworld
        </span>
      </div>
      <button
        className="btn btn-primary"
      >
        See more
      </button>
    </div>
  </article>
  <article
    className="movie-item"
  >
    <div
      className="movie-item__img"
    >
      <picture>
        <source
          media="(min-width: 768px)"
          srcSet="https://via.placeholder.com/200x300"
        />
        <img
          alt="PAW PATROL MIGHTY PUPS: THE MOVIE"
          src="https://via.placeholder.com/400x300"
        />
      </picture>
    </div>
    <div
      className="movie-item__wrapper"
    >
      <h1
        className="movie-item__title"
      >
        PAW PATROL MIGHTY PUPS: THE MOVIE
      </h1>
      <div
        className="movie-item__showtimes"
      >
        <h3>
          Show Times:
        </h3>
        <span
          className="movie-item__time"
        >
          May 16th 2019, 3:24:25 pm
           @ 
          Barnet - Everyman
        </span>
        <span
          className="movie-item__time"
        >
          May 16th 2019, 3:24:25 pm
           @ 
          Finchley - Cineworld
        </span>
      </div>
      <button
        className="btn btn-primary"
      >
        See more
      </button>
    </div>
  </article>
</section>
`;

exports[`Homepage Component should render MovieList 1`] = `
<section
  className="movie-list"
>
  <article
    className="movie-item"
  >
    <div
      className="movie-item__img"
    >
      <picture>
        <source
          media="(min-width: 768px)"
          srcSet="https://via.placeholder.com/200x300"
        />
        <img
          alt="AVENGERS: ENDGAME"
          src="https://via.placeholder.com/400x300"
        />
      </picture>
    </div>
    <div
      className="movie-item__wrapper"
    >
      <h1
        className="movie-item__title"
      >
        AVENGERS: ENDGAME
      </h1>
      <div
        className="movie-item__showtimes"
      >
        <h3>
          Show Times:
        </h3>
        <span
          className="movie-item__time"
        >
          May 16th 2019, 3:24:25 pm
           @ 
          Wood Green - Vue
        </span>
        <span
          className="movie-item__time"
        >
          May 16th 2019, 3:24:25 pm
           @ 
          Enfield - Cineworld
        </span>
      </div>
      <button
        className="btn btn-primary"
      >
        See more
      </button>
    </div>
  </article>
  <article
    className="movie-item"
  >
    <div
      className="movie-item__img"
    >
      <picture>
        <source
          media="(min-width: 768px)"
          srcSet="https://via.placeholder.com/200x300"
        />
        <img
          alt="POKEMON: DETECTIVE PIKACHU"
          src="https://via.placeholder.com/400x300"
        />
      </picture>
    </div>
    <div
      className="movie-item__wrapper"
    >
      <h1
        className="movie-item__title"
      >
        POKEMON: DETECTIVE PIKACHU
      </h1>
      <div
        className="movie-item__showtimes"
      >
        <h3>
          Show Times:
        </h3>
        <span
          className="movie-item__time"
        >
          May 16th 2019, 3:24:25 pm
           @ 
          Wood Green - Vue
        </span>
        <span
          className="movie-item__time"
        >
          May 16th 2019, 3:24:25 pm
           @ 
          Enfield - Cineworld
        </span>
      </div>
      <button
        className="btn btn-primary"
      >
        See more
      </button>
    </div>
  </article>
  <article
    className="movie-item"
  >
    <div
      className="movie-item__img"
    >
      <picture>
        <source
          media="(min-width: 768px)"
          srcSet="https://via.placeholder.com/200x300"
        />
        <img
          alt="JOHN WICK: CHAPTER 3 - PARABELLUM"
          src="https://via.placeholder.com/400x300"
        />
      </picture>
    </div>
    <div
      className="movie-item__wrapper"
    >
      <h1
        className="movie-item__title"
      >
        JOHN WICK: CHAPTER 3 - PARABELLUM
      </h1>
      <div
        className="movie-item__showtimes"
      >
        <h3>
          Show Times:
        </h3>
        <span
          className="movie-item__time"
        >
          May 16th 2019, 3:24:25 pm
           @ 
          Wood Green - Vue
        </span>
        <span
          className="movie-item__time"
        >
          May 16th 2019, 3:24:25 pm
           @ 
          Enfield - Cineworld
        </span>
      </div>
      <button
        className="btn btn-primary"
      >
        See more
      </button>
    </div>
  </article>
  <article
    className="movie-item"
  >
    <div
      className="movie-item__img"
    >
      <picture>
        <source
          media="(min-width: 768px)"
          srcSet="https://via.placeholder.com/200x300"
        />
        <img
          alt="THE ROYAL BALLET: TRIPLE BILL (2019)"
          src="https://via.placeholder.com/400x300"
        />
      </picture>
    </div>
    <div
      className="movie-item__wrapper"
    >
      <h1
        className="movie-item__title"
      >
        THE ROYAL BALLET: TRIPLE BILL (2019)
      </h1>
      <div
        className="movie-item__showtimes"
      >
        <h3>
          Show Times:
        </h3>
        <span
          className="movie-item__time"
        >
          May 16th 2019, 3:24:25 pm
           @ 
          Wood Green - Vue
        </span>
        <span
          className="movie-item__time"
        >
          May 16th 2019, 3:24:25 pm
           @ 
          Enfield - Cineworld
        </span>
      </div>
      <button
        className="btn btn-primary"
      >
        See more
      </button>
    </div>
  </article>
  <article
    className="movie-item"
  >
    <div
      className="movie-item__img"
    >
      <picture>
        <source
          media="(min-width: 768px)"
          srcSet="https://via.placeholder.com/200x300"
        />
        <img
          alt="PAW PATROL MIGHTY PUPS: THE MOVIE"
          src="https://via.placeholder.com/400x300"
        />
      </picture>
    </div>
    <div
      className="movie-item__wrapper"
    >
      <h1
        className="movie-item__title"
      >
        PAW PATROL MIGHTY PUPS: THE MOVIE
      </h1>
      <div
        className="movie-item__showtimes"
      >
        <h3>
          Show Times:
        </h3>
        <span
          className="movie-item__time"
        >
          May 16th 2019, 3:24:25 pm
           @ 
          Barnet - Everyman
        </span>
        <span
          className="movie-item__time"
        >
          May 16th 2019, 3:24:25 pm
           @ 
          Finchley - Cineworld
        </span>
      </div>
      <button
        className="btn btn-primary"
      >
        See more
      </button>
    </div>
  </article>
</section>
`;
